// Jest Snapshot v1, https://jestjs.io/docs/snapshot-testing

exports[`TweetCard snapshot renderiza corretamente 1`] = `
<div>
  <div
    class="flex flex-col gap-3 bg-gray-100 hover:bg-gray-200 p-3 border-solid border-2 border-gray-300 max-w-full"
  >
    <div
      data-testid="header-root"
    >
      <div
        data-testid="header-avatar"
      />
      <div
        data-testid="header-details"
      />
    </div>
    <div
      class="flex gap-2 m-3 justify-between max-w-full"
      data-cy="TweetCardFooter"
    >
      <div>
        <button
          class="flex gap-1.5 items-center text-gray-600 hover:text-blue-600"
          type="button"
        >
          <svg
            fill="currentColor"
            height="18"
            stroke="currentColor"
            stroke-width="0"
            viewBox="0 0 512 512"
            width="18"
            xmlns="http://www.w3.org/2000/svg"
          >
            <path
              d="M256 32C114.6 32 0 125.1 0 240c0 47.6 19.9 91.2 52.9 126.3C38 405.7 7 439.1 6.5 439.5c-6.6 7-8.4 17.2-4.6 26S14.4 480 24 480c61.5 0 110-25.7 139.1-46.3C192 442.8 223.2 448 256 448c141.4 0 256-93.1 256-208S397.4 32 256 32zm0 368c-26.7 0-53.1-4.1-78.4-12.1l-22.7-7.2-19.5 13.8c-14.3 10.1-33.9 21.4-57.5 29 7.3-12.1 14.4-25.7 19.9-40.2l10.6-28.1-20.6-21.8C69.7 314.1 48 282.2 48 240c0-88.2 93.3-160 208-160s208 71.8 208 160-93.3 160-208 160z"
            />
          </svg>
          2
        </button>
      </div>
      <div
        class="flex gap-1.5 items-center text-gray-600 hover:text-emerald-500"
      >
        <svg
          fill="currentColor"
          height="20"
          stroke="currentColor"
          stroke-width="0"
          viewBox="0 0 24 24"
          width="20"
          xmlns="http://www.w3.org/2000/svg"
        >
          <path
            d="M19 7a1 1 0 0 0-1-1h-8v2h7v5h-3l3.969 5L22 13h-3V7zM5 17a1 1 0 0 0 1 1h8v-2H7v-5h3L6 6l-4 5h3v6z"
          />
        </svg>
        123k
      </div>
      <button
        class="flex gap-1.5 items-center text-gray-600 hover:text-red-600"
        type="button"
      >
        <svg
          fill="currentColor"
          height="18"
          stroke="currentColor"
          stroke-width="0"
          viewBox="0 0 512 512"
          width="18"
          xmlns="http://www.w3.org/2000/svg"
        >
          <path
            d="M458.4 64.3C400.6 15.7 311.3 23 256 79.3 200.7 23 111.4 15.6 53.6 64.3-21.6 127.6-10.6 230.8 43 285.5l175.4 178.7c10 10.2 23.4 15.9 37.6 15.9 14.3 0 27.6-5.6 37.6-15.8L469 285.6c53.5-54.7 64.7-157.9-10.6-221.3zm-23.6 187.5L259.4 430.5c-2.4 2.4-4.4 2.4-6.8 0L77.2 251.8c-36.5-37.2-43.9-107.6 7.3-150.7 38.9-32.7 98.9-27.8 136.5 10.5l35 35.7 35-35.7c37.8-38.5 97.8-43.2 136.5-10.6 51.1 43.1 43.5 113.9 7.3 150.8z"
          />
        </svg>
        1
      </button>
      <div
        class="flex gap-1.5 items-center text-gray-600 hover:text-blue-500"
      >
        <svg
          fill="currentColor"
          height="18"
          stroke="currentColor"
          stroke-width="0"
          viewBox="0 0 512 512"
          width="18"
          xmlns="http://www.w3.org/2000/svg"
        >
          <path
            d="M176 64h64v384h-64zM80 336h64v112H80zM272 272h64v176h-64zM368 176h64v272h-64z"
          />
        </svg>
         4.5m
      </div>
      <div
        class="flex gap-3 items-center"
      >
        <svg
          class="text-gray-600 hover:text-blue-500"
          fill="currentColor"
          height="18"
          stroke="currentColor"
          stroke-width="0"
          viewBox="0 0 384 512"
          width="18"
          xmlns="http://www.w3.org/2000/svg"
        >
          <path
            d="M336 0H48C21.49 0 0 21.49 0 48v464l192-112 192 112V48c0-26.51-21.49-48-48-48zm0 428.43l-144-84-144 84V54a6 6 0 0 1 6-6h276c3.314 0 6 2.683 6 5.996V428.43z"
          />
        </svg>
        <svg
          class="text-gray-600 hover:text-blue-500"
          fill="currentColor"
          height="18"
          stroke="currentColor"
          stroke-width="0"
          viewBox="0 0 24 24"
          width="18"
          xmlns="http://www.w3.org/2000/svg"
        >
          <path
            d="M12 2.58582L18.2071 8.79292L16.7929 10.2071L13 6.41424V16H11V6.41424L7.20711 10.2071L5.79289 8.79292L12 2.58582ZM3 18V14H5V18C5 18.5523 5.44772 19 6 19H18C18.5523 19 19 18.5523 19 18V14H21V18C21 19.6569 19.6569 21 18 21H6C4.34315 21 3 19.6569 3 18Z"
          />
        </svg>
      </div>
    </div>
  </div>
</div>
`;
